npm error Missing script: "start"
npm error
npm error Did you mean one of these?
npm error   npm star # Mark your favorite packages
npm error   npm stars # View packages marked as favorites
npm error
npm error To see a list of scripts, run:
npm error   npm run
npm error A complete log of this run can be found in: /root/.npm/_logs/2026-08-06T12_40_07_870Z-debug-0.log
npm error Missing script: "start"
npm error
npm error Did you mean one of these?
npm error   npm star # Mark your favorite packages
npm error   npm stars # View packages marked as favorites
npm error
npm error To see a list of scripts, run:
npm error   npm run
npm error A complete log of this run can be found in: /root/.npm/_logs/2026-08-06T12_40_08_686Z-debug-0.log
npm error Missing script: "start"
npm error
npm error Did you mean one of these?
npm error   npm star # Mark your favorite packages
npm error   npm stars # View packages marked as favorites
npm error
npm error To see a list of scripts, run:
npm error   npm run
npm error A complete log of this run can be found in: /root/.npm/_logs/2026-08-06T12_40_09_407Z-debug-0.log
npm error Missing script: "start"
npm error
npm error Did you mean one of these?
npm error   npm star # Mark your favorite packages
npm error   npm stars # View packages marked as favorites
npm error
npm error To see a list of scripts, run:
npm error   npm run
npm error A complete log of this run can be found in: /root/.npm/_logs/2026-08-06T12_40_10_169Z-debug-0.log
npm error Missing script: "start"
npm error
npm error Did you mean one of these?
npm error   npm star # Mark your favorite packages
npm error   npm stars # View packages marked as favorites
npm error
npm error To see a list of scripts, run:
npm error   npm run
npm error A complete log of this run can be found in: /root/.npm/_logs/2026-08-06T12_40_10_841Z-debug-0.log
npm error Missing script: "start"
npm error
npm error Did you mean one of these?
npm error   npm star # Mark your favorite packages
npm error   npm stars # View packages marked as favorites
npm error
npm error To see a list of scripts, run:
npm error   npm run
npm error A complete log of this run can be found in: /root/.npm/_logs/2026-08-06T12_40_30_447Z-debug-0.log
npm error Missing script: "start"
npm error
npm error Did you mean one of these?
npm error   npm star # Mark your favorite packages
npm error   npm stars # View packages marked as favorites
npm error
npm error To see a list of scripts, run:
npm error   npm run
npm error A complete log of this run can be found in: /root/.npm/_logs/2026-08-06T12_40_12_179Z-debug-0.log
npm error Missing script: "start"
npm error
npm error Did you mean one of these?
npm error   npm star # Mark your favorite packages
npm error   npm stars # View packages marked as favorites
npm error
npm error To see a list of scripts, run:
npm error   npm run
npm error A complete log of this run can be found in: /root/.npm/_logs/2026-08-06T12_40_12_874Z-debug-0.log
npm error Missing script: "start"
npm error
npm error Did you mean one of these?
npm error   npm star # Mark your favorite packages
npm error   npm stars # View packages marked as favorites
npm error
npm error To see a list of scripts, run:
npm error   npm run
npm error A complete log of this run can be found in: /root/.npm/_logs/2026-08-06T12_40_13_661Z-debug-0.log
npm error Missing script: "start"
npm error
npm error Did you mean one of these?
npm error   npm star # Mark your favorite packages
npm error   npm stars # View packages marked as favorites
npm error
npm error To see a list of scripts, run:
npm error   npm run
npm error A complete log of this run can be found in: /root/.npm/_logs/2026-08-06T12_40_14_300Z-debug-0.log
npm error Missing script: "start"
npm error
npm error Did you mean one of these?
npm error   npm star # Mark your favorite packages
npm error   npm stars # View packages marked as favorites
npm error
npm error To see a list of scripts, run:
npm error   npm run
npm error A complete log of this run can be found in: /root/.npm/_logs/2026-08-06T12_40_14_941Z-debug-0.log
npm error Missing script: "start"
npm error
npm error Did you mean one of these?
npm error   npm star # Mark your favorite packages
npm error   npm stars # View packages marked as favorites
npm error
npm error To see a list of scripts, run:
npm error   npm run
npm error A complete log of this run can be found in: /root/.npm/_logs/2026-08-06T12_40_15_780Z-debug-0.log
npm error Missing script: "start"
npm error
npm error Did you mean one of these?
npm error   npm star # Mark your favorite packages
npm error   npm stars # View packages marked as favorites
npm error
npm error To see a list of scripts, run:
npm error   npm run
npm error A complete log of this run can be found in: /root/.npm/_logs/2026-08-06T12_40_35_471Z-debug-0.log
npm error Missing script: "start"
npm error
npm error Did you mean one of these?
npm error   npm star # Mark your favorite packages
npm error   npm stars # View packages marked as favorites
npm error
npm error To see a list of scripts, run:
npm error   npm run
npm error A complete log of this run can be found in: /root/.npm/_logs/2026-08-06T12_40_17_309Z-debug-0.log
npm error Missing script: "start"
npm error
npm error Did you mean one of these?
npm error   npm star # Mark your favorite packages
npm error   npm stars # View packages marked as favorites
npm error
npm error To see a list of scripts, run:
npm error   npm run
npm error A complete log of this run can be found in: /root/.npm/_logs/2026-08-06T12_40_18_005Z-debug-0.log
npm error Missing script: "start"
npm error
npm error Did you mean one of these?
npm error   npm star # Mark your favorite packages
npm error   npm stars # View packages marked as favorites
npm error
npm error To see a list of scripts, run:
npm error   npm run
npm error A complete log of this run can be found in: /root/.npm/_logs/2026-08-06T12_40_18_744Z-debug-0.log
