2026-08-06T19:40:07: PM2 log: ===============================================================================
2026-08-06T19:40:07: PM2 log: --- New PM2 Daemon started ----------------------------------------------------
2026-08-06T19:40:07: PM2 log: Time                 : Thu Aug 06 2026 19:40:07 GMT+0700 (Krasnoyarsk Standard Time)
2026-08-06T19:40:07: PM2 log: PM2 version          : 7.0.3
2026-08-06T19:40:07: PM2 log: Node.js version      : 20.20.2
2026-08-06T19:40:07: PM2 log: Current arch         : x64
2026-08-06T19:40:07: PM2 log: PM2 home             : /root/.pm2
2026-08-06T19:40:07: PM2 log: PM2 PID file         : /root/.pm2/pm2.pid
2026-08-06T19:40:07: PM2 log: RPC socket file      : /root/.pm2/rpc.sock
2026-08-06T19:40:07: PM2 log: BUS socket file      : /root/.pm2/pub.sock
2026-08-06T19:40:07: PM2 log: Application log path : /root/.pm2/logs
2026-08-06T19:40:07: PM2 log: Worker Interval      : 30000
2026-08-06T19:40:07: PM2 log: Process dump file    : /root/.pm2/dump.pm2
2026-08-06T19:40:07: PM2 log: Concurrent actions   : 2
2026-08-06T19:40:07: PM2 log: SIGTERM timeout      : 1600
2026-08-06T19:40:07: PM2 log: Runtime Binary       : /usr/bin/node
2026-08-06T19:40:07: PM2 log: ===============================================================================
2026-08-06T19:40:07: PM2 log: App [HuyOJ:0] starting in -fork mode-
2026-08-06T19:40:07: PM2 log: App [HuyOJ:0] online
2026-08-06T19:40:08: PM2 log: App [HuyOJ:0] exited with code [1] via signal [SIGINT]
2026-08-06T19:40:08: PM2 log: App [HuyOJ:0] starting in -fork mode-
2026-08-06T19:40:08: PM2 log: App [HuyOJ:0] online
2026-08-06T19:40:09: PM2 log: App [HuyOJ:0] exited with code [1] via signal [SIGINT]
2026-08-06T19:40:09: PM2 log: App [HuyOJ:0] starting in -fork mode-
2026-08-06T19:40:09: PM2 log: App [HuyOJ:0] online
2026-08-06T19:40:09: PM2 log: App [HuyOJ:0] exited with code [1] via signal [SIGINT]
2026-08-06T19:40:09: PM2 log: App [HuyOJ:0] starting in -fork mode-
2026-08-06T19:40:09: PM2 log: App [HuyOJ:0] online
2026-08-06T19:40:10: PM2 log: App [HuyOJ:0] exited with code [1] via signal [SIGINT]
2026-08-06T19:40:10: PM2 log: App [HuyOJ:0] starting in -fork mode-
2026-08-06T19:40:10: PM2 log: App [HuyOJ:0] online
2026-08-06T19:40:11: PM2 log: App [HuyOJ:0] exited with code [1] via signal [SIGINT]
2026-08-06T19:40:11: PM2 log: App [HuyOJ:0] starting in -fork mode-
2026-08-06T19:40:11: PM2 log: App [HuyOJ:0] online
2026-08-06T19:40:11: PM2 log: App [HuyOJ:0] exited with code [1] via signal [SIGINT]
2026-08-06T19:40:11: PM2 log: App [HuyOJ:0] starting in -fork mode-
2026-08-06T19:40:11: PM2 log: App [HuyOJ:0] online
2026-08-06T19:40:12: PM2 log: App [HuyOJ:0] exited with code [1] via signal [SIGINT]
2026-08-06T19:40:12: PM2 log: App [HuyOJ:0] starting in -fork mode-
2026-08-06T19:40:12: PM2 log: App [HuyOJ:0] online
2026-08-06T19:40:13: PM2 log: App [HuyOJ:0] exited with code [1] via signal [SIGINT]
2026-08-06T19:40:13: PM2 log: App [HuyOJ:0] starting in -fork mode-
2026-08-06T19:40:13: PM2 log: App [HuyOJ:0] online
2026-08-06T19:40:14: PM2 log: App [HuyOJ:0] exited with code [1] via signal [SIGINT]
2026-08-06T19:40:14: PM2 log: App [HuyOJ:0] starting in -fork mode-
2026-08-06T19:40:14: PM2 log: App [HuyOJ:0] online
2026-08-06T19:40:14: PM2 log: App [HuyOJ:0] exited with code [1] via signal [SIGINT]
2026-08-06T19:40:14: PM2 log: App [HuyOJ:0] starting in -fork mode-
2026-08-06T19:40:14: PM2 log: App [HuyOJ:0] online
2026-08-06T19:40:15: PM2 log: App [HuyOJ:0] exited with code [1] via signal [SIGINT]
2026-08-06T19:40:15: PM2 log: App [HuyOJ:0] starting in -fork mode-
2026-08-06T19:40:15: PM2 log: App [HuyOJ:0] online
2026-08-06T19:40:16: PM2 log: App [HuyOJ:0] exited with code [1] via signal [SIGINT]
2026-08-06T19:40:16: PM2 log: App [HuyOJ:0] starting in -fork mode-
2026-08-06T19:40:16: PM2 log: App [HuyOJ:0] online
2026-08-06T19:40:17: PM2 log: App [HuyOJ:0] exited with code [1] via signal [SIGINT]
2026-08-06T19:40:17: PM2 log: App [HuyOJ:0] starting in -fork mode-
2026-08-06T19:40:17: PM2 log: App [HuyOJ:0] online
2026-08-06T19:40:17: PM2 log: App [HuyOJ:0] exited with code [1] via signal [SIGINT]
2026-08-06T19:40:17: PM2 log: App [HuyOJ:0] starting in -fork mode-
2026-08-06T19:40:17: PM2 log: App [HuyOJ:0] online
2026-08-06T19:40:18: PM2 log: App [HuyOJ:0] exited with code [1] via signal [SIGINT]
2026-08-06T19:40:18: PM2 log: App [HuyOJ:0] starting in -fork mode-
2026-08-06T19:40:18: PM2 log: App [HuyOJ:0] online
2026-08-06T19:40:19: PM2 log: App [HuyOJ:0] exited with code [1] via signal [SIGINT]
2026-08-06T19:40:19: PM2 log: Script /usr/bin/npm had too many unstable restarts (16). Stopped. "errored"
