0 verbose cli /usr/bin/node /usr/lib/node_modules/npm/bin/npm-cli.js
1 info using npm@10.8.2
2 info using node@v20.20.2
3 silly config load:file:/usr/lib/node_modules/npm/npmrc
4 silly config load:file:/root/.npmrc
5 silly config load:file:/usr/etc/npmrc
6 verbose title npm exec @tailwindcss/cli -i resources/main.css -o resources/full_style.css
7 verbose argv "exec" "--" "@tailwindcss/cli" "-i" "resources/main.css" "-o" "resources/full_style.css"
8 verbose logfile logs-max:10 dir:/root/.npm/_logs/2026-08-05T15_57_36_762Z-
9 verbose logfile /root/.npm/_logs/2026-08-05T15_57_36_762Z-debug-0.log
10 silly logfile done cleaning log files
11 silly packumentCache heap:2197815296 maxSize:549453824 maxEntrySize:274726912
12 http fetch GET 200 https://registry.npmjs.org/@tailwindcss%2fcli 773ms (cache revalidated)
13 silly packumentCache heap:2197815296 maxSize:549453824 maxEntrySize:274726912
14 silly packumentCache heap:2197815296 maxSize:549453824 maxEntrySize:274726912
15 verbose cwd /root
16 verbose os Linux 5.15.146.1-microsoft-standard-WSL2
17 verbose node v20.20.2
18 verbose npm  v10.8.2
19 verbose exit 1
20 verbose code 1
