0 verbose cli /usr/bin/node /usr/lib/node_modules/npm/bin/npm-cli.js
1 info using npm@10.8.2
2 info using node@v20.20.2
3 silly config load:file:/usr/lib/node_modules/npm/npmrc
4 silly config load:file:/home/lamhuy/dmoj-docker/.npmrc
5 silly config load:file:/root/.npmrc
6 silly config load:file:/usr/etc/npmrc
7 verbose title npm exec @tailwindcss/cli -i resources/main.css -o resources/full_style.css
8 verbose argv "exec" "--" "@tailwindcss/cli" "-i" "resources/main.css" "-o" "resources/full_style.css"
9 verbose logfile logs-max:10 dir:/root/.npm/_logs/2026-08-06T03_51_24_720Z-
10 verbose logfile /root/.npm/_logs/2026-08-06T03_51_24_720Z-debug-0.log
11 silly logfile start cleaning logs, removing 1 files
12 silly logfile done cleaning log files
13 silly packumentCache heap:2197815296 maxSize:549453824 maxEntrySize:274726912
14 http fetch GET 200 https://registry.npmjs.org/@tailwindcss%2fcli 1496ms (cache revalidated)
15 silly packumentCache heap:2197815296 maxSize:549453824 maxEntrySize:274726912
16 silly packumentCache heap:2197815296 maxSize:549453824 maxEntrySize:274726912
17 verbose cwd /home/lamhuy/dmoj-docker
18 verbose os Linux 5.15.146.1-microsoft-standard-WSL2
19 verbose node v20.20.2
20 verbose npm  v10.8.2
21 verbose exit 1
22 verbose code 1
