0 verbose cli /usr/bin/node /usr/bin/npm
1 info using npm@10.8.2
2 info using node@v20.20.2
3 silly config load:file:/usr/lib/node_modules/npm/npmrc
4 silly config load:file:/home/lamhuy/dmoj-docker/tmath/.npmrc
5 silly config load:file:/root/.npmrc
6 silly config load:file:/usr/etc/npmrc
7 verbose title npm install
8 verbose argv "install"
9 verbose logfile logs-max:10 dir:/root/.npm/_logs/2026-08-06T03_48_42_137Z-
10 verbose logfile /root/.npm/_logs/2026-08-06T03_48_42_137Z-debug-0.log
11 silly packumentCache heap:2197815296 maxSize:549453824 maxEntrySize:274726912
12 silly logfile start cleaning logs, removing 1 files
13 silly logfile done cleaning log files
14 silly idealTree buildDeps
15 silly reify moves {}
16 verbose reify failed optional dependency /home/lamhuy/dmoj-docker/tmath/node_modules/@tailwindcss/oxide-wasm32-wasi
17 silly reify mark deleted [
17 silly reify   '/home/lamhuy/dmoj-docker/tmath/node_modules/@tailwindcss/oxide-wasm32-wasi'
17 silly reify ]
18 silly audit bulk request {
18 silly audit   '@jridgewell/gen-mapping': [ '0.3.13' ],
18 silly audit   '@jridgewell/remapping': [ '2.3.5' ],
18 silly audit   '@jridgewell/resolve-uri': [ '3.1.2' ],
18 silly audit   '@jridgewell/sourcemap-codec': [ '1.5.5' ],
18 silly audit   '@jridgewell/trace-mapping': [ '0.3.31' ],
18 silly audit   '@parcel/watcher': [ '2.5.6' ],
18 silly audit   '@parcel/watcher-android-arm64': [ '2.5.6' ],
18 silly audit   '@parcel/watcher-darwin-arm64': [ '2.5.6' ],
18 silly audit   '@parcel/watcher-darwin-x64': [ '2.5.6' ],
18 silly audit   '@parcel/watcher-freebsd-x64': [ '2.5.6' ],
18 silly audit   '@parcel/watcher-linux-arm-glibc': [ '2.5.6' ],
18 silly audit   '@parcel/watcher-linux-arm-musl': [ '2.5.6' ],
18 silly audit   '@parcel/watcher-linux-arm64-glibc': [ '2.5.6' ],
18 silly audit   '@parcel/watcher-linux-arm64-musl': [ '2.5.6' ],
18 silly audit   '@parcel/watcher-linux-x64-glibc': [ '2.5.6' ],
18 silly audit   '@parcel/watcher-linux-x64-musl': [ '2.5.6' ],
18 silly audit   '@parcel/watcher-win32-arm64': [ '2.5.6' ],
18 silly audit   '@parcel/watcher-win32-ia32': [ '2.5.6' ],
18 silly audit   '@parcel/watcher-win32-x64': [ '2.5.6' ],
18 silly audit   '@tailwindcss/cli': [ '4.2.2' ],
18 silly audit   '@tailwindcss/forms': [ '0.5.11' ],
18 silly audit   '@tailwindcss/node': [ '4.2.2' ],
18 silly audit   '@tailwindcss/oxide': [ '4.2.2' ],
18 silly audit   '@tailwindcss/oxide-android-arm64': [ '4.2.2' ],
18 silly audit   '@tailwindcss/oxide-darwin-arm64': [ '4.2.2' ],
18 silly audit   '@tailwindcss/oxide-darwin-x64': [ '4.2.2' ],
18 silly audit   '@tailwindcss/oxide-freebsd-x64': [ '4.2.2' ],
18 silly audit   '@tailwindcss/oxide-linux-arm-gnueabihf': [ '4.2.2' ],
18 silly audit   '@tailwindcss/oxide-linux-arm64-gnu': [ '4.2.2' ],
18 silly audit   '@tailwindcss/oxide-linux-arm64-musl': [ '4.2.2' ],
18 silly audit   '@tailwindcss/oxide-linux-x64-gnu': [ '4.2.2' ],
18 silly audit   '@tailwindcss/oxide-linux-x64-musl': [ '4.2.2' ],
18 silly audit   '@tailwindcss/oxide-win32-arm64-msvc': [ '4.2.2' ],
18 silly audit   '@tailwindcss/oxide-win32-x64-msvc': [ '4.2.2' ],
18 silly audit   '@tailwindcss/typography': [ '0.5.19' ],
18 silly audit   cssesc: [ '3.0.0' ],
18 silly audit   'detect-libc': [ '2.1.2' ],
18 silly audit   'enhanced-resolve': [ '5.20.1' ],
18 silly audit   'graceful-fs': [ '4.2.11' ],
18 silly audit   'is-extglob': [ '2.1.1' ],
18 silly audit   'is-glob': [ '4.0.3' ],
18 silly audit   jiti: [ '2.6.1' ],
18 silly audit   lightningcss: [ '1.32.0' ],
18 silly audit   'lightningcss-android-arm64': [ '1.32.0' ],
18 silly audit   'lightningcss-darwin-arm64': [ '1.32.0' ],
18 silly audit   'lightningcss-darwin-x64': [ '1.32.0' ],
18 silly audit   'lightningcss-freebsd-x64': [ '1.32.0' ],
18 silly audit   'lightningcss-linux-arm-gnueabihf': [ '1.32.0' ],
18 silly audit   'lightningcss-linux-arm64-gnu': [ '1.32.0' ],
18 silly audit   'lightningcss-linux-arm64-musl': [ '1.32.0' ],
18 silly audit   'lightningcss-linux-x64-gnu': [ '1.32.0' ],
18 silly audit   'lightningcss-linux-x64-musl': [ '1.32.0' ],
18 silly audit   'lightningcss-win32-arm64-msvc': [ '1.32.0' ],
18 silly audit   'lightningcss-win32-x64-msvc': [ '1.32.0' ],
18 silly audit   'magic-string': [ '0.30.21' ],
18 silly audit   'mini-svg-data-uri': [ '1.4.4' ],
18 silly audit   mri: [ '1.2.0' ],
18 silly audit   'node-addon-api': [ '7.1.1' ],
18 silly audit   picocolors: [ '1.1.1' ],
18 silly audit   picomatch: [ '4.0.4' ],
18 silly audit   'postcss-selector-parser': [ '6.0.10' ],
18 silly audit   'source-map-js': [ '1.2.1' ],
18 silly audit   tailwindcss: [ '4.2.2' ],
18 silly audit   tapable: [ '2.3.2' ],
18 silly audit   'util-deprecate': [ '1.0.2' ],
18 silly audit   '@tailwindcss/oxide-wasm32-wasi': [ '4.2.2' ]
18 silly audit }
19 verbose reify failed optional dependency /home/lamhuy/dmoj-docker/tmath/node_modules/lightningcss-win32-x64-msvc
20 silly reify mark deleted [
20 silly reify   '/home/lamhuy/dmoj-docker/tmath/node_modules/lightningcss-win32-x64-msvc'
20 silly reify ]
21 verbose reify failed optional dependency /home/lamhuy/dmoj-docker/tmath/node_modules/lightningcss-win32-arm64-msvc
22 silly reify mark deleted [
22 silly reify   '/home/lamhuy/dmoj-docker/tmath/node_modules/lightningcss-win32-arm64-msvc'
22 silly reify ]
23 verbose reify failed optional dependency /home/lamhuy/dmoj-docker/tmath/node_modules/lightningcss-linux-x64-musl
24 silly reify mark deleted [
24 silly reify   '/home/lamhuy/dmoj-docker/tmath/node_modules/lightningcss-linux-x64-musl'
24 silly reify ]
25 verbose reify failed optional dependency /home/lamhuy/dmoj-docker/tmath/node_modules/lightningcss-linux-arm64-musl
26 silly reify mark deleted [
26 silly reify   '/home/lamhuy/dmoj-docker/tmath/node_modules/lightningcss-linux-arm64-musl'
26 silly reify ]
27 verbose reify failed optional dependency /home/lamhuy/dmoj-docker/tmath/node_modules/lightningcss-linux-arm64-gnu
28 silly reify mark deleted [
28 silly reify   '/home/lamhuy/dmoj-docker/tmath/node_modules/lightningcss-linux-arm64-gnu'
28 silly reify ]
29 verbose reify failed optional dependency /home/lamhuy/dmoj-docker/tmath/node_modules/lightningcss-linux-arm-gnueabihf
30 silly reify mark deleted [
30 silly reify   '/home/lamhuy/dmoj-docker/tmath/node_modules/lightningcss-linux-arm-gnueabihf'
30 silly reify ]
31 verbose reify failed optional dependency /home/lamhuy/dmoj-docker/tmath/node_modules/lightningcss-freebsd-x64
32 silly reify mark deleted [
32 silly reify   '/home/lamhuy/dmoj-docker/tmath/node_modules/lightningcss-freebsd-x64'
32 silly reify ]
33 verbose reify failed optional dependency /home/lamhuy/dmoj-docker/tmath/node_modules/lightningcss-darwin-x64
34 silly reify mark deleted [
34 silly reify   '/home/lamhuy/dmoj-docker/tmath/node_modules/lightningcss-darwin-x64'
34 silly reify ]
35 verbose reify failed optional dependency /home/lamhuy/dmoj-docker/tmath/node_modules/lightningcss-darwin-arm64
36 silly reify mark deleted [
36 silly reify   '/home/lamhuy/dmoj-docker/tmath/node_modules/lightningcss-darwin-arm64'
36 silly reify ]
37 verbose reify failed optional dependency /home/lamhuy/dmoj-docker/tmath/node_modules/lightningcss-android-arm64
38 silly reify mark deleted [
38 silly reify   '/home/lamhuy/dmoj-docker/tmath/node_modules/lightningcss-android-arm64'
38 silly reify ]
39 verbose reify failed optional dependency /home/lamhuy/dmoj-docker/tmath/node_modules/@tailwindcss/oxide-win32-x64-msvc
40 silly reify mark deleted [
40 silly reify   '/home/lamhuy/dmoj-docker/tmath/node_modules/@tailwindcss/oxide-win32-x64-msvc'
40 silly reify ]
41 verbose reify failed optional dependency /home/lamhuy/dmoj-docker/tmath/node_modules/@tailwindcss/oxide-win32-arm64-msvc
42 silly reify mark deleted [
42 silly reify   '/home/lamhuy/dmoj-docker/tmath/node_modules/@tailwindcss/oxide-win32-arm64-msvc'
42 silly reify ]
43 verbose reify failed optional dependency /home/lamhuy/dmoj-docker/tmath/node_modules/@tailwindcss/oxide-linux-x64-musl
44 silly reify mark deleted [
44 silly reify   '/home/lamhuy/dmoj-docker/tmath/node_modules/@tailwindcss/oxide-linux-x64-musl'
44 silly reify ]
45 verbose reify failed optional dependency /home/lamhuy/dmoj-docker/tmath/node_modules/@tailwindcss/oxide-linux-arm64-musl
46 silly reify mark deleted [
46 silly reify   '/home/lamhuy/dmoj-docker/tmath/node_modules/@tailwindcss/oxide-linux-arm64-musl'
46 silly reify ]
47 verbose reify failed optional dependency /home/lamhuy/dmoj-docker/tmath/node_modules/@tailwindcss/oxide-linux-arm64-gnu
48 silly reify mark deleted [
48 silly reify   '/home/lamhuy/dmoj-docker/tmath/node_modules/@tailwindcss/oxide-linux-arm64-gnu'
48 silly reify ]
49 verbose reify failed optional dependency /home/lamhuy/dmoj-docker/tmath/node_modules/@tailwindcss/oxide-linux-arm-gnueabihf
50 silly reify mark deleted [
50 silly reify   '/home/lamhuy/dmoj-docker/tmath/node_modules/@tailwindcss/oxide-linux-arm-gnueabihf'
50 silly reify ]
51 verbose reify failed optional dependency /home/lamhuy/dmoj-docker/tmath/node_modules/@tailwindcss/oxide-freebsd-x64
52 silly reify mark deleted [
52 silly reify   '/home/lamhuy/dmoj-docker/tmath/node_modules/@tailwindcss/oxide-freebsd-x64'
52 silly reify ]
53 verbose reify failed optional dependency /home/lamhuy/dmoj-docker/tmath/node_modules/@tailwindcss/oxide-darwin-x64
54 silly reify mark deleted [
54 silly reify   '/home/lamhuy/dmoj-docker/tmath/node_modules/@tailwindcss/oxide-darwin-x64'
54 silly reify ]
55 verbose reify failed optional dependency /home/lamhuy/dmoj-docker/tmath/node_modules/@tailwindcss/oxide-darwin-arm64
56 silly reify mark deleted [
56 silly reify   '/home/lamhuy/dmoj-docker/tmath/node_modules/@tailwindcss/oxide-darwin-arm64'
56 silly reify ]
57 verbose reify failed optional dependency /home/lamhuy/dmoj-docker/tmath/node_modules/@tailwindcss/oxide-android-arm64
58 silly reify mark deleted [
58 silly reify   '/home/lamhuy/dmoj-docker/tmath/node_modules/@tailwindcss/oxide-android-arm64'
58 silly reify ]
59 verbose reify failed optional dependency /home/lamhuy/dmoj-docker/tmath/node_modules/@parcel/watcher-win32-x64
60 silly reify mark deleted [
60 silly reify   '/home/lamhuy/dmoj-docker/tmath/node_modules/@parcel/watcher-win32-x64'
60 silly reify ]
61 verbose reify failed optional dependency /home/lamhuy/dmoj-docker/tmath/node_modules/@parcel/watcher-win32-ia32
62 silly reify mark deleted [
62 silly reify   '/home/lamhuy/dmoj-docker/tmath/node_modules/@parcel/watcher-win32-ia32'
62 silly reify ]
63 verbose reify failed optional dependency /home/lamhuy/dmoj-docker/tmath/node_modules/@parcel/watcher-win32-arm64
64 silly reify mark deleted [
64 silly reify   '/home/lamhuy/dmoj-docker/tmath/node_modules/@parcel/watcher-win32-arm64'
64 silly reify ]
65 verbose reify failed optional dependency /home/lamhuy/dmoj-docker/tmath/node_modules/@parcel/watcher-linux-x64-musl
66 silly reify mark deleted [
66 silly reify   '/home/lamhuy/dmoj-docker/tmath/node_modules/@parcel/watcher-linux-x64-musl'
66 silly reify ]
67 verbose reify failed optional dependency /home/lamhuy/dmoj-docker/tmath/node_modules/@parcel/watcher-linux-arm64-musl
68 silly reify mark deleted [
68 silly reify   '/home/lamhuy/dmoj-docker/tmath/node_modules/@parcel/watcher-linux-arm64-musl'
68 silly reify ]
69 verbose reify failed optional dependency /home/lamhuy/dmoj-docker/tmath/node_modules/@parcel/watcher-linux-arm64-glibc
70 silly reify mark deleted [
70 silly reify   '/home/lamhuy/dmoj-docker/tmath/node_modules/@parcel/watcher-linux-arm64-glibc'
70 silly reify ]
71 verbose reify failed optional dependency /home/lamhuy/dmoj-docker/tmath/node_modules/@parcel/watcher-linux-arm-musl
72 silly reify mark deleted [
72 silly reify   '/home/lamhuy/dmoj-docker/tmath/node_modules/@parcel/watcher-linux-arm-musl'
72 silly reify ]
73 verbose reify failed optional dependency /home/lamhuy/dmoj-docker/tmath/node_modules/@parcel/watcher-linux-arm-glibc
74 silly reify mark deleted [
74 silly reify   '/home/lamhuy/dmoj-docker/tmath/node_modules/@parcel/watcher-linux-arm-glibc'
74 silly reify ]
75 verbose reify failed optional dependency /home/lamhuy/dmoj-docker/tmath/node_modules/@parcel/watcher-freebsd-x64
76 silly reify mark deleted [
76 silly reify   '/home/lamhuy/dmoj-docker/tmath/node_modules/@parcel/watcher-freebsd-x64'
76 silly reify ]
77 verbose reify failed optional dependency /home/lamhuy/dmoj-docker/tmath/node_modules/@parcel/watcher-darwin-x64
78 silly reify mark deleted [
78 silly reify   '/home/lamhuy/dmoj-docker/tmath/node_modules/@parcel/watcher-darwin-x64'
78 silly reify ]
79 verbose reify failed optional dependency /home/lamhuy/dmoj-docker/tmath/node_modules/@parcel/watcher-darwin-arm64
80 silly reify mark deleted [
80 silly reify   '/home/lamhuy/dmoj-docker/tmath/node_modules/@parcel/watcher-darwin-arm64'
80 silly reify ]
81 verbose reify failed optional dependency /home/lamhuy/dmoj-docker/tmath/node_modules/@parcel/watcher-android-arm64
82 silly reify mark deleted [
82 silly reify   '/home/lamhuy/dmoj-docker/tmath/node_modules/@parcel/watcher-android-arm64'
82 silly reify ]
83 silly tarball no local data for tapable@https://registry.npmjs.org/tapable/-/tapable-2.3.2.tgz. Extracting by manifest.
84 silly tarball no local data for tailwindcss@https://registry.npmjs.org/tailwindcss/-/tailwindcss-4.2.2.tgz. Extracting by manifest.
85 silly tarball no local data for picomatch@https://registry.npmjs.org/picomatch/-/picomatch-4.0.4.tgz. Extracting by manifest.
86 silly tarball no local data for jiti@https://registry.npmjs.org/jiti/-/jiti-2.6.1.tgz. Extracting by manifest.
87 silly tarball no local data for enhanced-resolve@https://registry.npmjs.org/enhanced-resolve/-/enhanced-resolve-5.20.1.tgz. Extracting by manifest.
88 silly tarball no local data for @tailwindcss/oxide-linux-x64-gnu@https://registry.npmjs.org/@tailwindcss/oxide-linux-x64-gnu/-/oxide-linux-x64-gnu-4.2.2.tgz. Extracting by manifest.
89 silly tarball no local data for @tailwindcss/oxide@https://registry.npmjs.org/@tailwindcss/oxide/-/oxide-4.2.2.tgz. Extracting by manifest.
90 silly tarball no local data for @tailwindcss/node@https://registry.npmjs.org/@tailwindcss/node/-/node-4.2.2.tgz. Extracting by manifest.
91 silly tarball no local data for @tailwindcss/typography@https://registry.npmjs.org/@tailwindcss/typography/-/typography-0.5.19.tgz. Extracting by manifest.
92 silly tarball no local data for @tailwindcss/cli@https://registry.npmjs.org/@tailwindcss/cli/-/cli-4.2.2.tgz. Extracting by manifest.
93 silly tarball no local data for @parcel/watcher-linux-x64-glibc@https://registry.npmjs.org/@parcel/watcher-linux-x64-glibc/-/watcher-linux-x64-glibc-2.5.6.tgz. Extracting by manifest.
94 silly tarball no local data for @parcel/watcher@https://registry.npmjs.org/@parcel/watcher/-/watcher-2.5.6.tgz. Extracting by manifest.
95 http fetch POST 200 https://registry.npmjs.org/-/npm/v1/security/advisories/bulk 1799ms
96 silly audit report {}
97 http fetch GET 200 https://registry.npmjs.org/@tailwindcss/oxide/-/oxide-4.2.2.tgz 1189ms (cache miss)
98 http fetch GET 200 https://registry.npmjs.org/tapable/-/tapable-2.3.2.tgz 1319ms (cache miss)
99 http fetch GET 200 https://registry.npmjs.org/picomatch/-/picomatch-4.0.4.tgz 1340ms (cache miss)
100 http fetch GET 200 https://registry.npmjs.org/@tailwindcss/cli/-/cli-4.2.2.tgz 1323ms (cache miss)
101 http fetch GET 200 https://registry.npmjs.org/@tailwindcss/typography/-/typography-0.5.19.tgz 1334ms (cache miss)
102 http fetch GET 200 https://registry.npmjs.org/@tailwindcss/node/-/node-4.2.2.tgz 1340ms (cache miss)
103 http fetch GET 200 https://registry.npmjs.org/@parcel/watcher-linux-x64-glibc/-/watcher-linux-x64-glibc-2.5.6.tgz 1491ms (cache miss)
104 http fetch GET 200 https://registry.npmjs.org/@parcel/watcher/-/watcher-2.5.6.tgz 1506ms (cache miss)
105 http fetch GET 200 https://registry.npmjs.org/enhanced-resolve/-/enhanced-resolve-5.20.1.tgz 1540ms (cache miss)
106 http fetch GET 200 https://registry.npmjs.org/tailwindcss/-/tailwindcss-4.2.2.tgz 1581ms (cache miss)
107 http fetch GET 200 https://registry.npmjs.org/jiti/-/jiti-2.6.1.tgz 1623ms (cache miss)
108 http fetch GET 200 https://registry.npmjs.org/@tailwindcss/oxide-linux-x64-gnu/-/oxide-linux-x64-gnu-4.2.2.tgz 1675ms (cache miss)
109 info run @parcel/watcher@2.5.6 install node_modules/@parcel/watcher node scripts/build-from-source.js
110 info run @parcel/watcher@2.5.6 install { code: 0, signal: null }
111 silly ADD node_modules/util-deprecate
112 silly ADD node_modules/tapable
113 silly ADD node_modules/tailwindcss
114 silly ADD node_modules/source-map-js
115 silly ADD node_modules/postcss-selector-parser
116 silly ADD node_modules/picomatch
117 silly ADD node_modules/picocolors
118 silly ADD node_modules/node-addon-api
119 silly ADD node_modules/mri
120 silly ADD node_modules/mini-svg-data-uri
121 silly ADD node_modules/magic-string
122 silly ADD
123 silly ADD
124 silly ADD
125 silly ADD node_modules/lightningcss-linux-x64-gnu
126 silly ADD
127 silly ADD
128 silly ADD
129 silly ADD
130 silly ADD
131 silly ADD
132 silly ADD
133 silly ADD node_modules/lightningcss
134 silly ADD node_modules/jiti
135 silly ADD node_modules/is-glob
136 silly ADD node_modules/is-extglob
137 silly ADD node_modules/graceful-fs
138 silly ADD node_modules/enhanced-resolve
139 silly ADD node_modules/detect-libc
140 silly ADD node_modules/cssesc
141 silly ADD node_modules/@tailwindcss/typography
142 silly ADD
143 silly ADD
144 silly ADD
145 silly ADD
146 silly ADD node_modules/@tailwindcss/oxide-linux-x64-gnu
147 silly ADD
148 silly ADD
149 silly ADD
150 silly ADD
151 silly ADD
152 silly ADD
153 silly ADD
154 silly ADD node_modules/@tailwindcss/oxide
155 silly ADD node_modules/@tailwindcss/node
156 silly ADD node_modules/@tailwindcss/forms
157 silly ADD node_modules/@tailwindcss/cli
158 silly ADD
159 silly ADD
160 silly ADD
161 silly ADD
162 silly ADD node_modules/@parcel/watcher-linux-x64-glibc
163 silly ADD
164 silly ADD
165 silly ADD
166 silly ADD
167 silly ADD
168 silly ADD
169 silly ADD
170 silly ADD
171 silly ADD node_modules/@parcel/watcher
172 silly ADD node_modules/@jridgewell/trace-mapping
173 silly ADD node_modules/@jridgewell/sourcemap-codec
174 silly ADD node_modules/@jridgewell/resolve-uri
175 silly ADD node_modules/@jridgewell/remapping
176 silly ADD node_modules/@jridgewell/gen-mapping
177 verbose cwd /home/lamhuy/dmoj-docker/tmath
178 verbose os Linux 5.15.146.1-microsoft-standard-WSL2
179 verbose node v20.20.2
180 verbose npm  v10.8.2
181 verbose exit 0
182 info ok
